[14:56:32] Loading records from data/processed/search_queries_corrected.jsonl...
[14:58:01] Loaded 150000 records
[14:58:01] Loading cached match trace from results/.cache/search_queries_corrected__precomputed__n150000.trace.json...
[14:58:02] Scoring gray-zone candidates with the fine-tuned verifier (finetuned_verifier_model_searchqueries_corrected)...
Loading weights:   0%|          | 0/105 [00:00<?, ?it/s]Loading weights: 100%|██████████| 105/105 [00:00<00:00, 1479.70it/s]
[score_gray_zone] 86280 candidates to score
[score_gray_zone] 200/86280 (  0.2%)  133.8 ex/s  elapsed=0.0m  eta=10.7m  last_score=0.021  last_latency=7.1ms
[score_gray_zone] 400/86280 (  0.5%)  138.8 ex/s  elapsed=0.0m  eta=10.3m  last_score=2.051  last_latency=6.8ms
[score_gray_zone] 600/86280 (  0.7%)  140.9 ex/s  elapsed=0.1m  eta=10.1m  last_score=3.416  last_latency=6.7ms
[score_gray_zone] 800/86280 (  0.9%)  141.8 ex/s  elapsed=0.1m  eta=10.0m  last_score=0.280  last_latency=6.8ms
[score_gray_zone] 1000/86280 (  1.2%)  142.3 ex/s  elapsed=0.1m  eta=10.0m  last_score=-2.331  last_latency=6.8ms
[score_gray_zone] 1200/86280 (  1.4%)  142.8 ex/s  elapsed=0.1m  eta=9.9m  last_score=1.343  last_latency=6.9ms
[score_gray_zone] 1400/86280 (  1.6%)  143.0 ex/s  elapsed=0.2m  eta=9.9m  last_score=-0.319  last_latency=7.4ms
[score_gray_zone] 1600/86280 (  1.9%)  143.2 ex/s  elapsed=0.2m  eta=9.9m  last_score=0.509  last_latency=7.0ms
[score_gray_zone] 1800/86280 (  2.1%)  143.3 ex/s  elapsed=0.2m  eta=9.8m  last_score=0.862  last_latency=7.2ms
[score_gray_zone] 2000/86280 (  2.3%)  143.4 ex/s  elapsed=0.2m  eta=9.8m  last_score=-1.138  last_latency=6.7ms
[score_gray_zone] 2200/86280 (  2.5%)  143.6 ex/s  elapsed=0.3m  eta=9.8m  last_score=0.294  last_latency=6.8ms
[score_gray_zone] 2400/86280 (  2.8%)  143.7 ex/s  elapsed=0.3m  eta=9.7m  last_score=-0.148  last_latency=6.8ms
[score_gray_zone] 2600/86280 (  3.0%)  143.8 ex/s  elapsed=0.3m  eta=9.7m  last_score=0.435  last_latency=6.8ms
[score_gray_zone] 2800/86280 (  3.2%)  144.0 ex/s  elapsed=0.3m  eta=9.7m  last_score=0.469  last_latency=6.8ms
[score_gray_zone] 3000/86280 (  3.5%)  144.1 ex/s  elapsed=0.3m  eta=9.6m  last_score=-1.360  last_latency=6.8ms
[score_gray_zone] 3200/86280 (  3.7%)  144.1 ex/s  elapsed=0.4m  eta=9.6m  last_score=2.275  last_latency=6.9ms
[score_gray_zone] 3400/86280 (  3.9%)  144.2 ex/s  elapsed=0.4m  eta=9.6m  last_score=0.063  last_latency=6.7ms
[score_gray_zone] 3600/86280 (  4.2%)  144.2 ex/s  elapsed=0.4m  eta=9.6m  last_score=0.144  last_latency=6.8ms
[score_gray_zone] 3800/86280 (  4.4%)  144.2 ex/s  elapsed=0.4m  eta=9.5m  last_score=-1.061  last_latency=6.8ms
[score_gray_zone] 4000/86280 (  4.6%)  144.2 ex/s  elapsed=0.5m  eta=9.5m  last_score=1.117  last_latency=6.8ms
[score_gray_zone] 4200/86280 (  4.9%)  144.2 ex/s  elapsed=0.5m  eta=9.5m  last_score=-1.824  last_latency=6.7ms
[score_gray_zone] 4400/86280 (  5.1%)  144.1 ex/s  elapsed=0.5m  eta=9.5m  last_score=0.125  last_latency=6.9ms
[score_gray_zone] 4600/86280 (  5.3%)  144.0 ex/s  elapsed=0.5m  eta=9.5m  last_score=0.451  last_latency=7.1ms
[score_gray_zone] 4800/86280 (  5.6%)  144.0 ex/s  elapsed=0.6m  eta=9.4m  last_score=2.085  last_latency=7.1ms
[score_gray_zone] 5000/86280 (  5.8%)  143.9 ex/s  elapsed=0.6m  eta=9.4m  last_score=-0.554  last_latency=6.9ms
[score_gray_zone] 5200/86280 (  6.0%)  143.9 ex/s  elapsed=0.6m  eta=9.4m  last_score=1.001  last_latency=6.8ms
[score_gray_zone] 5400/86280 (  6.3%)  143.9 ex/s  elapsed=0.6m  eta=9.4m  last_score=-0.082  last_latency=6.6ms
[score_gray_zone] 5600/86280 (  6.5%)  143.9 ex/s  elapsed=0.6m  eta=9.3m  last_score=-3.060  last_latency=6.9ms
[score_gray_zone] 5800/86280 (  6.7%)  143.9 ex/s  elapsed=0.7m  eta=9.3m  last_score=1.374  last_latency=6.6ms
[score_gray_zone] 6000/86280 (  7.0%)  143.9 ex/s  elapsed=0.7m  eta=9.3m  last_score=-0.239  last_latency=6.8ms
[score_gray_zone] 6200/86280 (  7.2%)  143.9 ex/s  elapsed=0.7m  eta=9.3m  last_score=1.115  last_latency=6.8ms
[score_gray_zone] 6400/86280 (  7.4%)  143.9 ex/s  elapsed=0.7m  eta=9.3m  last_score=0.341  last_latency=6.9ms
[score_gray_zone] 6600/86280 (  7.6%)  143.9 ex/s  elapsed=0.8m  eta=9.2m  last_score=1.010  last_latency=7.0ms
[score_gray_zone] 6800/86280 (  7.9%)  143.9 ex/s  elapsed=0.8m  eta=9.2m  last_score=1.363  last_latency=6.9ms
[score_gray_zone] 7000/86280 (  8.1%)  143.9 ex/s  elapsed=0.8m  eta=9.2m  last_score=-0.326  last_latency=7.1ms
[score_gray_zone] 7200/86280 (  8.3%)  143.9 ex/s  elapsed=0.8m  eta=9.2m  last_score=0.538  last_latency=7.1ms
[score_gray_zone] 7400/86280 (  8.6%)  143.9 ex/s  elapsed=0.9m  eta=9.1m  last_score=0.744  last_latency=6.8ms
[score_gray_zone] 7600/86280 (  8.8%)  143.8 ex/s  elapsed=0.9m  eta=9.1m  last_score=1.267  last_latency=7.2ms
[score_gray_zone] 7800/86280 (  9.0%)  143.8 ex/s  elapsed=0.9m  eta=9.1m  last_score=-2.206  last_latency=6.7ms
[score_gray_zone] 8000/86280 (  9.3%)  143.8 ex/s  elapsed=0.9m  eta=9.1m  last_score=1.188  last_latency=6.9ms
[score_gray_zone] 8200/86280 (  9.5%)  143.8 ex/s  elapsed=1.0m  eta=9.1m  last_score=1.109  last_latency=7.0ms
[score_gray_zone] 8400/86280 (  9.7%)  143.8 ex/s  elapsed=1.0m  eta=9.0m  last_score=0.068  last_latency=7.0ms
[score_gray_zone] 8600/86280 ( 10.0%)  143.8 ex/s  elapsed=1.0m  eta=9.0m  last_score=0.305  last_latency=7.0ms
[score_gray_zone] 8800/86280 ( 10.2%)  143.8 ex/s  elapsed=1.0m  eta=9.0m  last_score=1.330  last_latency=6.8ms
[score_gray_zone] 9000/86280 ( 10.4%)  143.8 ex/s  elapsed=1.0m  eta=9.0m  last_score=-0.451  last_latency=7.0ms
[score_gray_zone] 9200/86280 ( 10.7%)  143.8 ex/s  elapsed=1.1m  eta=8.9m  last_score=0.459  last_latency=6.8ms
[score_gray_zone] 9400/86280 ( 10.9%)  143.8 ex/s  elapsed=1.1m  eta=8.9m  last_score=1.166  last_latency=7.1ms
[score_gray_zone] 9600/86280 ( 11.1%)  143.6 ex/s  elapsed=1.1m  eta=8.9m  last_score=-0.272  last_latency=6.8ms
[score_gray_zone] 9800/86280 ( 11.4%)  143.7 ex/s  elapsed=1.1m  eta=8.9m  last_score=-0.191  last_latency=6.8ms
[score_gray_zone] 10000/86280 ( 11.6%)  143.7 ex/s  elapsed=1.2m  eta=8.8m  last_score=2.004  last_latency=6.9ms
[score_gray_zone] 10200/86280 ( 11.8%)  143.7 ex/s  elapsed=1.2m  eta=8.8m  last_score=-0.695  last_latency=6.7ms
[score_gray_zone] 10400/86280 ( 12.1%)  143.7 ex/s  elapsed=1.2m  eta=8.8m  last_score=0.229  last_latency=6.8ms
[score_gray_zone] 10600/86280 ( 12.3%)  143.7 ex/s  elapsed=1.2m  eta=8.8m  last_score=0.983  last_latency=7.3ms
[score_gray_zone] 10800/86280 ( 12.5%)  143.7 ex/s  elapsed=1.3m  eta=8.8m  last_score=2.289  last_latency=6.8ms
[score_gray_zone] 11000/86280 ( 12.7%)  143.7 ex/s  elapsed=1.3m  eta=8.7m  last_score=0.548  last_latency=6.8ms
[score_gray_zone] 11200/86280 ( 13.0%)  143.7 ex/s  elapsed=1.3m  eta=8.7m  last_score=-1.854  last_latency=7.3ms
[score_gray_zone] 11400/86280 ( 13.2%)  143.7 ex/s  elapsed=1.3m  eta=8.7m  last_score=1.453  last_latency=6.8ms
[score_gray_zone] 11600/86280 ( 13.4%)  143.7 ex/s  elapsed=1.3m  eta=8.7m  last_score=-2.279  last_latency=6.9ms
[score_gray_zone] 11800/86280 ( 13.7%)  143.8 ex/s  elapsed=1.4m  eta=8.6m  last_score=-1.962  last_latency=6.7ms
[score_gray_zone] 12000/86280 ( 13.9%)  143.8 ex/s  elapsed=1.4m  eta=8.6m  last_score=0.571  last_latency=6.9ms
[score_gray_zone] 12200/86280 ( 14.1%)  143.8 ex/s  elapsed=1.4m  eta=8.6m  last_score=-0.036  last_latency=6.7ms
[score_gray_zone] 12400/86280 ( 14.4%)  143.8 ex/s  elapsed=1.4m  eta=8.6m  last_score=0.853  last_latency=6.9ms
[score_gray_zone] 12600/86280 ( 14.6%)  143.8 ex/s  elapsed=1.5m  eta=8.5m  last_score=0.816  last_latency=7.4ms
[score_gray_zone] 12800/86280 ( 14.8%)  143.8 ex/s  elapsed=1.5m  eta=8.5m  last_score=-0.200  last_latency=7.1ms
[score_gray_zone] 13000/86280 ( 15.1%)  143.8 ex/s  elapsed=1.5m  eta=8.5m  last_score=0.983  last_latency=6.8ms
[score_gray_zone] 13200/86280 ( 15.3%)  143.8 ex/s  elapsed=1.5m  eta=8.5m  last_score=0.031  last_latency=6.9ms
[score_gray_zone] 13400/86280 ( 15.5%)  143.8 ex/s  elapsed=1.6m  eta=8.4m  last_score=1.342  last_latency=6.7ms
[score_gray_zone] 13600/86280 ( 15.8%)  143.8 ex/s  elapsed=1.6m  eta=8.4m  last_score=3.024  last_latency=6.9ms
[score_gray_zone] 13800/86280 ( 16.0%)  143.8 ex/s  elapsed=1.6m  eta=8.4m  last_score=0.768  last_latency=6.9ms
[score_gray_zone] 14000/86280 ( 16.2%)  143.9 ex/s  elapsed=1.6m  eta=8.4m  last_score=-0.457  last_latency=6.8ms
[score_gray_zone] 14200/86280 ( 16.5%)  143.9 ex/s  elapsed=1.6m  eta=8.3m  last_score=0.726  last_latency=6.8ms
[score_gray_zone] 14400/86280 ( 16.7%)  143.9 ex/s  elapsed=1.7m  eta=8.3m  last_score=1.491  last_latency=7.8ms
[score_gray_zone] 14600/86280 ( 16.9%)  143.9 ex/s  elapsed=1.7m  eta=8.3m  last_score=-2.500  last_latency=7.1ms
[score_gray_zone] 14800/86280 ( 17.2%)  143.9 ex/s  elapsed=1.7m  eta=8.3m  last_score=1.175  last_latency=6.9ms
[score_gray_zone] 15000/86280 ( 17.4%)  143.9 ex/s  elapsed=1.7m  eta=8.3m  last_score=-0.743  last_latency=6.8ms
[score_gray_zone] 15200/86280 ( 17.6%)  143.9 ex/s  elapsed=1.8m  eta=8.2m  last_score=0.373  last_latency=7.3ms
[score_gray_zone] 15400/86280 ( 17.8%)  143.9 ex/s  elapsed=1.8m  eta=8.2m  last_score=0.166  last_latency=6.8ms
[score_gray_zone] 15600/86280 ( 18.1%)  143.9 ex/s  elapsed=1.8m  eta=8.2m  last_score=0.696  last_latency=6.7ms
[score_gray_zone] 15800/86280 ( 18.3%)  143.9 ex/s  elapsed=1.8m  eta=8.2m  last_score=-1.919  last_latency=7.0ms
[score_gray_zone] 16000/86280 ( 18.5%)  143.9 ex/s  elapsed=1.9m  eta=8.1m  last_score=0.011  last_latency=6.9ms
[score_gray_zone] 16200/86280 ( 18.8%)  143.9 ex/s  elapsed=1.9m  eta=8.1m  last_score=0.631  last_latency=7.0ms
[score_gray_zone] 16400/86280 ( 19.0%)  143.9 ex/s  elapsed=1.9m  eta=8.1m  last_score=0.705  last_latency=6.7ms
[score_gray_zone] 16600/86280 ( 19.2%)  144.0 ex/s  elapsed=1.9m  eta=8.1m  last_score=1.360  last_latency=6.7ms
[score_gray_zone] 16800/86280 ( 19.5%)  144.0 ex/s  elapsed=1.9m  eta=8.0m  last_score=-0.894  last_latency=7.0ms
[score_gray_zone] 17000/86280 ( 19.7%)  144.0 ex/s  elapsed=2.0m  eta=8.0m  last_score=0.189  last_latency=7.0ms
[score_gray_zone] 17200/86280 ( 19.9%)  144.0 ex/s  elapsed=2.0m  eta=8.0m  last_score=2.241  last_latency=6.8ms
[score_gray_zone] 17400/86280 ( 20.2%)  144.0 ex/s  elapsed=2.0m  eta=8.0m  last_score=-1.280  last_latency=6.9ms
[score_gray_zone] 17600/86280 ( 20.4%)  144.0 ex/s  elapsed=2.0m  eta=7.9m  last_score=1.733  last_latency=6.9ms
[score_gray_zone] 17800/86280 ( 20.6%)  144.0 ex/s  elapsed=2.1m  eta=7.9m  last_score=2.725  last_latency=6.8ms
[score_gray_zone] 18000/86280 ( 20.9%)  144.0 ex/s  elapsed=2.1m  eta=7.9m  last_score=-0.201  last_latency=6.8ms
[score_gray_zone] 18200/86280 ( 21.1%)  144.0 ex/s  elapsed=2.1m  eta=7.9m  last_score=1.165  last_latency=6.8ms
[score_gray_zone] 18400/86280 ( 21.3%)  144.0 ex/s  elapsed=2.1m  eta=7.9m  last_score=1.421  last_latency=6.9ms
[score_gray_zone] 18600/86280 ( 21.6%)  144.0 ex/s  elapsed=2.2m  eta=7.8m  last_score=-0.197  last_latency=7.1ms
[score_gray_zone] 18800/86280 ( 21.8%)  144.0 ex/s  elapsed=2.2m  eta=7.8m  last_score=0.894  last_latency=7.0ms
[score_gray_zone] 19000/86280 ( 22.0%)  144.1 ex/s  elapsed=2.2m  eta=7.8m  last_score=-0.219  last_latency=6.8ms
[score_gray_zone] 19200/86280 ( 22.3%)  144.1 ex/s  elapsed=2.2m  eta=7.8m  last_score=0.531  last_latency=6.6ms
[score_gray_zone] 19400/86280 ( 22.5%)  144.1 ex/s  elapsed=2.2m  eta=7.7m  last_score=1.643  last_latency=6.9ms
[score_gray_zone] 19600/86280 ( 22.7%)  144.1 ex/s  elapsed=2.3m  eta=7.7m  last_score=1.475  last_latency=6.7ms
[score_gray_zone] 19800/86280 ( 22.9%)  144.1 ex/s  elapsed=2.3m  eta=7.7m  last_score=-0.760  last_latency=6.8ms
[score_gray_zone] 20000/86280 ( 23.2%)  144.1 ex/s  elapsed=2.3m  eta=7.7m  last_score=0.717  last_latency=6.8ms
[score_gray_zone] 20200/86280 ( 23.4%)  144.1 ex/s  elapsed=2.3m  eta=7.6m  last_score=-0.846  last_latency=6.9ms
[score_gray_zone] 20400/86280 ( 23.6%)  144.1 ex/s  elapsed=2.4m  eta=7.6m  last_score=0.894  last_latency=6.7ms
[score_gray_zone] 20600/86280 ( 23.9%)  144.1 ex/s  elapsed=2.4m  eta=7.6m  last_score=-1.051  last_latency=6.8ms
[score_gray_zone] 20800/86280 ( 24.1%)  144.1 ex/s  elapsed=2.4m  eta=7.6m  last_score=0.261  last_latency=6.8ms
[score_gray_zone] 21000/86280 ( 24.3%)  144.1 ex/s  elapsed=2.4m  eta=7.5m  last_score=1.888  last_latency=6.9ms
[score_gray_zone] 21200/86280 ( 24.6%)  144.1 ex/s  elapsed=2.5m  eta=7.5m  last_score=0.837  last_latency=7.1ms
[score_gray_zone] 21400/86280 ( 24.8%)  144.1 ex/s  elapsed=2.5m  eta=7.5m  last_score=1.144  last_latency=6.7ms
[score_gray_zone] 21600/86280 ( 25.0%)  144.1 ex/s  elapsed=2.5m  eta=7.5m  last_score=-0.082  last_latency=7.0ms
[score_gray_zone] 21800/86280 ( 25.3%)  144.1 ex/s  elapsed=2.5m  eta=7.5m  last_score=0.939  last_latency=6.9ms
[score_gray_zone] 22000/86280 ( 25.5%)  144.1 ex/s  elapsed=2.5m  eta=7.4m  last_score=-0.289  last_latency=7.1ms
[score_gray_zone] 22200/86280 ( 25.7%)  144.1 ex/s  elapsed=2.6m  eta=7.4m  last_score=0.823  last_latency=7.1ms
[score_gray_zone] 22400/86280 ( 26.0%)  144.1 ex/s  elapsed=2.6m  eta=7.4m  last_score=0.934  last_latency=6.9ms
[score_gray_zone] 22600/86280 ( 26.2%)  144.1 ex/s  elapsed=2.6m  eta=7.4m  last_score=0.679  last_latency=6.7ms
[score_gray_zone] 22800/86280 ( 26.4%)  144.1 ex/s  elapsed=2.6m  eta=7.3m  last_score=-1.333  last_latency=6.8ms
[score_gray_zone] 23000/86280 ( 26.7%)  144.1 ex/s  elapsed=2.7m  eta=7.3m  last_score=-0.701  last_latency=6.9ms
[score_gray_zone] 23200/86280 ( 26.9%)  144.2 ex/s  elapsed=2.7m  eta=7.3m  last_score=-0.239  last_latency=6.8ms
[score_gray_zone] 23400/86280 ( 27.1%)  144.2 ex/s  elapsed=2.7m  eta=7.3m  last_score=0.880  last_latency=8.7ms
[score_gray_zone] 23600/86280 ( 27.4%)  144.2 ex/s  elapsed=2.7m  eta=7.2m  last_score=-0.358  last_latency=6.7ms
[score_gray_zone] 23800/86280 ( 27.6%)  144.1 ex/s  elapsed=2.8m  eta=7.2m  last_score=-0.380  last_latency=7.1ms
[score_gray_zone] 24000/86280 ( 27.8%)  144.1 ex/s  elapsed=2.8m  eta=7.2m  last_score=-1.044  last_latency=6.8ms
[score_gray_zone] 24200/86280 ( 28.0%)  144.1 ex/s  elapsed=2.8m  eta=7.2m  last_score=-1.354  last_latency=6.9ms
[score_gray_zone] 24400/86280 ( 28.3%)  144.1 ex/s  elapsed=2.8m  eta=7.2m  last_score=1.517  last_latency=7.0ms
[score_gray_zone] 24600/86280 ( 28.5%)  144.1 ex/s  elapsed=2.8m  eta=7.1m  last_score=1.079  last_latency=7.2ms
[score_gray_zone] 24800/86280 ( 28.7%)  144.1 ex/s  elapsed=2.9m  eta=7.1m  last_score=1.090  last_latency=7.0ms
[score_gray_zone] 25000/86280 ( 29.0%)  144.0 ex/s  elapsed=2.9m  eta=7.1m  last_score=0.748  last_latency=6.8ms
[score_gray_zone] 25200/86280 ( 29.2%)  144.0 ex/s  elapsed=2.9m  eta=7.1m  last_score=-1.385  last_latency=7.3ms
[score_gray_zone] 25400/86280 ( 29.4%)  144.0 ex/s  elapsed=2.9m  eta=7.0m  last_score=-0.220  last_latency=7.3ms
[score_gray_zone] 25600/86280 ( 29.7%)  144.0 ex/s  elapsed=3.0m  eta=7.0m  last_score=-0.020  last_latency=7.1ms
[score_gray_zone] 25800/86280 ( 29.9%)  144.0 ex/s  elapsed=3.0m  eta=7.0m  last_score=1.757  last_latency=6.8ms
[score_gray_zone] 26000/86280 ( 30.1%)  144.0 ex/s  elapsed=3.0m  eta=7.0m  last_score=-0.551  last_latency=6.8ms
[score_gray_zone] 26200/86280 ( 30.4%)  144.0 ex/s  elapsed=3.0m  eta=7.0m  last_score=0.656  last_latency=7.0ms
[score_gray_zone] 26400/86280 ( 30.6%)  144.0 ex/s  elapsed=3.1m  eta=6.9m  last_score=0.929  last_latency=7.0ms
[score_gray_zone] 26600/86280 ( 30.8%)  144.0 ex/s  elapsed=3.1m  eta=6.9m  last_score=1.460  last_latency=6.9ms
[score_gray_zone] 26800/86280 ( 31.1%)  144.0 ex/s  elapsed=3.1m  eta=6.9m  last_score=0.225  last_latency=7.1ms
[score_gray_zone] 27000/86280 ( 31.3%)  144.0 ex/s  elapsed=3.1m  eta=6.9m  last_score=1.406  last_latency=6.9ms
[score_gray_zone] 27200/86280 ( 31.5%)  144.0 ex/s  elapsed=3.1m  eta=6.8m  last_score=-0.072  last_latency=6.9ms
[score_gray_zone] 27400/86280 ( 31.8%)  143.9 ex/s  elapsed=3.2m  eta=6.8m  last_score=1.095  last_latency=7.0ms
[score_gray_zone] 27600/86280 ( 32.0%)  143.9 ex/s  elapsed=3.2m  eta=6.8m  last_score=0.102  last_latency=6.8ms
[score_gray_zone] 27800/86280 ( 32.2%)  143.9 ex/s  elapsed=3.2m  eta=6.8m  last_score=0.067  last_latency=6.8ms
[score_gray_zone] 28000/86280 ( 32.5%)  143.9 ex/s  elapsed=3.2m  eta=6.8m  last_score=-1.120  last_latency=7.3ms
[score_gray_zone] 28200/86280 ( 32.7%)  143.9 ex/s  elapsed=3.3m  eta=6.7m  last_score=0.920  last_latency=6.9ms
[score_gray_zone] 28400/86280 ( 32.9%)  143.9 ex/s  elapsed=3.3m  eta=6.7m  last_score=0.013  last_latency=6.9ms
[score_gray_zone] 28600/86280 ( 33.1%)  143.9 ex/s  elapsed=3.3m  eta=6.7m  last_score=-1.702  last_latency=7.1ms
[score_gray_zone] 28800/86280 ( 33.4%)  143.9 ex/s  elapsed=3.3m  eta=6.7m  last_score=-0.668  last_latency=6.9ms
[score_gray_zone] 29000/86280 ( 33.6%)  143.9 ex/s  elapsed=3.4m  eta=6.6m  last_score=1.206  last_latency=7.0ms
[score_gray_zone] 29200/86280 ( 33.8%)  143.9 ex/s  elapsed=3.4m  eta=6.6m  last_score=0.528  last_latency=6.8ms
[score_gray_zone] 29400/86280 ( 34.1%)  143.9 ex/s  elapsed=3.4m  eta=6.6m  last_score=0.162  last_latency=6.9ms
[score_gray_zone] 29600/86280 ( 34.3%)  143.8 ex/s  elapsed=3.4m  eta=6.6m  last_score=-0.600  last_latency=7.1ms
[score_gray_zone] 29800/86280 ( 34.5%)  143.8 ex/s  elapsed=3.5m  eta=6.5m  last_score=1.461  last_latency=7.1ms
[score_gray_zone] 30000/86280 ( 34.8%)  143.8 ex/s  elapsed=3.5m  eta=6.5m  last_score=1.263  last_latency=7.0ms
[score_gray_zone] 30200/86280 ( 35.0%)  143.8 ex/s  elapsed=3.5m  eta=6.5m  last_score=0.341  last_latency=7.1ms
[score_gray_zone] 30400/86280 ( 35.2%)  143.7 ex/s  elapsed=3.5m  eta=6.5m  last_score=-0.766  last_latency=7.3ms
[score_gray_zone] 30600/86280 ( 35.5%)  143.4 ex/s  elapsed=3.6m  eta=6.5m  last_score=1.011  last_latency=8.0ms
[score_gray_zone] 30800/86280 ( 35.7%)  143.2 ex/s  elapsed=3.6m  eta=6.5m  last_score=0.348  last_latency=7.4ms
[score_gray_zone] 31000/86280 ( 35.9%)  143.0 ex/s  elapsed=3.6m  eta=6.4m  last_score=1.349  last_latency=10.4ms
[score_gray_zone] 31200/86280 ( 36.2%)  142.7 ex/s  elapsed=3.6m  eta=6.4m  last_score=-0.272  last_latency=8.5ms
[score_gray_zone] 31400/86280 ( 36.4%)  142.5 ex/s  elapsed=3.7m  eta=6.4m  last_score=0.584  last_latency=8.3ms
[score_gray_zone] 31600/86280 ( 36.6%)  142.3 ex/s  elapsed=3.7m  eta=6.4m  last_score=0.051  last_latency=9.7ms
[score_gray_zone] 31800/86280 ( 36.9%)  142.1 ex/s  elapsed=3.7m  eta=6.4m  last_score=0.071  last_latency=10.8ms
[score_gray_zone] 32000/86280 ( 37.1%)  141.9 ex/s  elapsed=3.8m  eta=6.4m  last_score=-0.093  last_latency=8.1ms
[score_gray_zone] 32200/86280 ( 37.3%)  141.7 ex/s  elapsed=3.8m  eta=6.4m  last_score=-0.025  last_latency=7.3ms
[score_gray_zone] 32400/86280 ( 37.6%)  141.4 ex/s  elapsed=3.8m  eta=6.3m  last_score=0.396  last_latency=7.6ms
[score_gray_zone] 32600/86280 ( 37.8%)  141.2 ex/s  elapsed=3.8m  eta=6.3m  last_score=-0.735  last_latency=10.1ms
[score_gray_zone] 32800/86280 ( 38.0%)  141.1 ex/s  elapsed=3.9m  eta=6.3m  last_score=0.546  last_latency=9.4ms
[score_gray_zone] 33000/86280 ( 38.2%)  140.9 ex/s  elapsed=3.9m  eta=6.3m  last_score=3.067  last_latency=8.2ms
[score_gray_zone] 33200/86280 ( 38.5%)  140.7 ex/s  elapsed=3.9m  eta=6.3m  last_score=1.209  last_latency=10.8ms
[score_gray_zone] 33400/86280 ( 38.7%)  140.4 ex/s  elapsed=4.0m  eta=6.3m  last_score=1.951  last_latency=9.3ms
[score_gray_zone] 33600/86280 ( 38.9%)  140.3 ex/s  elapsed=4.0m  eta=6.3m  last_score=-1.096  last_latency=7.9ms
[score_gray_zone] 33800/86280 ( 39.2%)  140.0 ex/s  elapsed=4.0m  eta=6.2m  last_score=0.919  last_latency=7.2ms
[score_gray_zone] 34000/86280 ( 39.4%)  139.9 ex/s  elapsed=4.1m  eta=6.2m  last_score=0.929  last_latency=10.0ms
[score_gray_zone] 34200/86280 ( 39.6%)  139.7 ex/s  elapsed=4.1m  eta=6.2m  last_score=0.254  last_latency=8.5ms
[score_gray_zone] 34400/86280 ( 39.9%)  139.5 ex/s  elapsed=4.1m  eta=6.2m  last_score=-1.828  last_latency=10.0ms
[score_gray_zone] 34600/86280 ( 40.1%)  139.3 ex/s  elapsed=4.1m  eta=6.2m  last_score=1.149  last_latency=9.1ms
[score_gray_zone] 34800/86280 ( 40.3%)  139.2 ex/s  elapsed=4.2m  eta=6.2m  last_score=0.666  last_latency=9.5ms
[score_gray_zone] 35000/86280 ( 40.6%)  139.0 ex/s  elapsed=4.2m  eta=6.1m  last_score=-1.108  last_latency=9.0ms
[score_gray_zone] 35200/86280 ( 40.8%)  138.8 ex/s  elapsed=4.2m  eta=6.1m  last_score=-1.722  last_latency=9.4ms
[score_gray_zone] 35400/86280 ( 41.0%)  138.7 ex/s  elapsed=4.3m  eta=6.1m  last_score=0.835  last_latency=9.7ms
[score_gray_zone] 35600/86280 ( 41.3%)  138.5 ex/s  elapsed=4.3m  eta=6.1m  last_score=0.475  last_latency=11.4ms
[score_gray_zone] 35800/86280 ( 41.5%)  138.3 ex/s  elapsed=4.3m  eta=6.1m  last_score=0.494  last_latency=7.1ms
[score_gray_zone] 36000/86280 ( 41.7%)  138.1 ex/s  elapsed=4.3m  eta=6.1m  last_score=-0.873  last_latency=10.1ms
[score_gray_zone] 36200/86280 ( 42.0%)  138.0 ex/s  elapsed=4.4m  eta=6.0m  last_score=-1.133  last_latency=9.9ms
[score_gray_zone] 36400/86280 ( 42.2%)  137.8 ex/s  elapsed=4.4m  eta=6.0m  last_score=0.219  last_latency=10.4ms
[score_gray_zone] 36600/86280 ( 42.4%)  137.6 ex/s  elapsed=4.4m  eta=6.0m  last_score=-0.563  last_latency=8.4ms
[score_gray_zone] 36800/86280 ( 42.7%)  137.5 ex/s  elapsed=4.5m  eta=6.0m  last_score=-0.914  last_latency=9.8ms
[score_gray_zone] 37000/86280 ( 42.9%)  137.3 ex/s  elapsed=4.5m  eta=6.0m  last_score=-1.710  last_latency=7.6ms
[score_gray_zone] 37200/86280 ( 43.1%)  137.2 ex/s  elapsed=4.5m  eta=6.0m  last_score=0.792  last_latency=8.1ms
[score_gray_zone] 37400/86280 ( 43.3%)  137.0 ex/s  elapsed=4.6m  eta=5.9m  last_score=1.220  last_latency=9.4ms
[score_gray_zone] 37600/86280 ( 43.6%)  136.8 ex/s  elapsed=4.6m  eta=5.9m  last_score=0.931  last_latency=8.1ms
[score_gray_zone] 37800/86280 ( 43.8%)  136.7 ex/s  elapsed=4.6m  eta=5.9m  last_score=-0.246  last_latency=7.8ms
[score_gray_zone] 38000/86280 ( 44.0%)  136.5 ex/s  elapsed=4.6m  eta=5.9m  last_score=-0.718  last_latency=7.8ms
[score_gray_zone] 38200/86280 ( 44.3%)  136.4 ex/s  elapsed=4.7m  eta=5.9m  last_score=1.723  last_latency=7.2ms
[score_gray_zone] 38400/86280 ( 44.5%)  136.2 ex/s  elapsed=4.7m  eta=5.9m  last_score=2.343  last_latency=7.6ms
[score_gray_zone] 38600/86280 ( 44.7%)  136.1 ex/s  elapsed=4.7m  eta=5.8m  last_score=1.200  last_latency=10.3ms
[score_gray_zone] 38800/86280 ( 45.0%)  135.9 ex/s  elapsed=4.8m  eta=5.8m  last_score=0.781  last_latency=6.9ms
[score_gray_zone] 39000/86280 ( 45.2%)  135.8 ex/s  elapsed=4.8m  eta=5.8m  last_score=-0.241  last_latency=11.3ms
[score_gray_zone] 39200/86280 ( 45.4%)  135.6 ex/s  elapsed=4.8m  eta=5.8m  last_score=0.854  last_latency=9.4ms
[score_gray_zone] 39400/86280 ( 45.7%)  135.5 ex/s  elapsed=4.8m  eta=5.8m  last_score=1.348  last_latency=8.4ms
[score_gray_zone] 39600/86280 ( 45.9%)  135.3 ex/s  elapsed=4.9m  eta=5.7m  last_score=1.412  last_latency=9.9ms
[score_gray_zone] 39800/86280 ( 46.1%)  135.2 ex/s  elapsed=4.9m  eta=5.7m  last_score=2.485  last_latency=9.4ms
[score_gray_zone] 40000/86280 ( 46.4%)  135.1 ex/s  elapsed=4.9m  eta=5.7m  last_score=-1.291  last_latency=11.2ms
[score_gray_zone] 40200/86280 ( 46.6%)  134.9 ex/s  elapsed=5.0m  eta=5.7m  last_score=1.067  last_latency=10.0ms
[score_gray_zone] 40400/86280 ( 46.8%)  134.8 ex/s  elapsed=5.0m  eta=5.7m  last_score=-0.566  last_latency=8.9ms
[score_gray_zone] 40600/86280 ( 47.1%)  134.7 ex/s  elapsed=5.0m  eta=5.7m  last_score=0.688  last_latency=8.9ms
[score_gray_zone] 40800/86280 ( 47.3%)  134.6 ex/s  elapsed=5.1m  eta=5.6m  last_score=0.722  last_latency=8.1ms
[score_gray_zone] 41000/86280 ( 47.5%)  134.5 ex/s  elapsed=5.1m  eta=5.6m  last_score=1.139  last_latency=9.7ms
[score_gray_zone] 41200/86280 ( 47.8%)  134.3 ex/s  elapsed=5.1m  eta=5.6m  last_score=1.224  last_latency=9.3ms
[score_gray_zone] 41400/86280 ( 48.0%)  134.0 ex/s  elapsed=5.1m  eta=5.6m  last_score=4.153  last_latency=8.4ms
[score_gray_zone] 41600/86280 ( 48.2%)  133.9 ex/s  elapsed=5.2m  eta=5.6m  last_score=0.605  last_latency=7.7ms
[score_gray_zone] 41800/86280 ( 48.4%)  133.8 ex/s  elapsed=5.2m  eta=5.5m  last_score=0.050  last_latency=9.8ms
[score_gray_zone] 42000/86280 ( 48.7%)  133.7 ex/s  elapsed=5.2m  eta=5.5m  last_score=-0.468  last_latency=8.0ms
[score_gray_zone] 42200/86280 ( 48.9%)  133.5 ex/s  elapsed=5.3m  eta=5.5m  last_score=-1.546  last_latency=7.8ms
[score_gray_zone] 42400/86280 ( 49.1%)  133.4 ex/s  elapsed=5.3m  eta=5.5m  last_score=-0.686  last_latency=11.1ms
[score_gray_zone] 42600/86280 ( 49.4%)  133.3 ex/s  elapsed=5.3m  eta=5.5m  last_score=-0.195  last_latency=10.1ms
[score_gray_zone] 42800/86280 ( 49.6%)  133.2 ex/s  elapsed=5.4m  eta=5.4m  last_score=-0.049  last_latency=9.2ms
[score_gray_zone] 43000/86280 ( 49.8%)  133.1 ex/s  elapsed=5.4m  eta=5.4m  last_score=-0.134  last_latency=8.1ms
[score_gray_zone] 43200/86280 ( 50.1%)  133.0 ex/s  elapsed=5.4m  eta=5.4m  last_score=3.183  last_latency=7.0ms
[score_gray_zone] 43400/86280 ( 50.3%)  132.9 ex/s  elapsed=5.4m  eta=5.4m  last_score=-0.641  last_latency=10.9ms
[score_gray_zone] 43600/86280 ( 50.5%)  132.8 ex/s  elapsed=5.5m  eta=5.4m  last_score=-1.003  last_latency=10.5ms
[score_gray_zone] 43800/86280 ( 50.8%)  132.7 ex/s  elapsed=5.5m  eta=5.3m  last_score=0.085  last_latency=8.5ms
[score_gray_zone] 44000/86280 ( 51.0%)  132.6 ex/s  elapsed=5.5m  eta=5.3m  last_score=0.485  last_latency=9.6ms
[score_gray_zone] 44200/86280 ( 51.2%)  132.5 ex/s  elapsed=5.6m  eta=5.3m  last_score=0.100  last_latency=9.9ms
[score_gray_zone] 44400/86280 ( 51.5%)  132.4 ex/s  elapsed=5.6m  eta=5.3m  last_score=0.510  last_latency=8.0ms
[score_gray_zone] 44600/86280 ( 51.7%)  132.2 ex/s  elapsed=5.6m  eta=5.3m  last_score=-1.019  last_latency=11.6ms
[score_gray_zone] 44800/86280 ( 51.9%)  132.1 ex/s  elapsed=5.7m  eta=5.2m  last_score=-0.008  last_latency=7.3ms
[score_gray_zone] 45000/86280 ( 52.2%)  132.0 ex/s  elapsed=5.7m  eta=5.2m  last_score=-0.762  last_latency=10.6ms
[score_gray_zone] 45200/86280 ( 52.4%)  131.9 ex/s  elapsed=5.7m  eta=5.2m  last_score=-1.276  last_latency=8.6ms
[score_gray_zone] 45400/86280 ( 52.6%)  131.8 ex/s  elapsed=5.7m  eta=5.2m  last_score=0.046  last_latency=7.6ms
[score_gray_zone] 45600/86280 ( 52.9%)  131.7 ex/s  elapsed=5.8m  eta=5.1m  last_score=-0.409  last_latency=8.1ms
[score_gray_zone] 45800/86280 ( 53.1%)  131.6 ex/s  elapsed=5.8m  eta=5.1m  last_score=1.079  last_latency=8.0ms
[score_gray_zone] 46000/86280 ( 53.3%)  131.5 ex/s  elapsed=5.8m  eta=5.1m  last_score=-0.084  last_latency=6.9ms
[score_gray_zone] 46200/86280 ( 53.5%)  131.5 ex/s  elapsed=5.9m  eta=5.1m  last_score=0.554  last_latency=8.4ms
[score_gray_zone] 46400/86280 ( 53.8%)  131.4 ex/s  elapsed=5.9m  eta=5.1m  last_score=0.327  last_latency=10.2ms
[score_gray_zone] 46600/86280 ( 54.0%)  131.3 ex/s  elapsed=5.9m  eta=5.0m  last_score=-0.310  last_latency=7.7ms
[score_gray_zone] 46800/86280 ( 54.2%)  131.2 ex/s  elapsed=5.9m  eta=5.0m  last_score=1.801  last_latency=9.7ms
[score_gray_zone] 47000/86280 ( 54.5%)  131.1 ex/s  elapsed=6.0m  eta=5.0m  last_score=0.195  last_latency=9.6ms
[score_gray_zone] 47200/86280 ( 54.7%)  131.0 ex/s  elapsed=6.0m  eta=5.0m  last_score=0.567  last_latency=8.2ms
[score_gray_zone] 47400/86280 ( 54.9%)  130.9 ex/s  elapsed=6.0m  eta=4.9m  last_score=0.673  last_latency=7.7ms
[score_gray_zone] 47600/86280 ( 55.2%)  130.9 ex/s  elapsed=6.1m  eta=4.9m  last_score=0.588  last_latency=6.7ms
[score_gray_zone] 47800/86280 ( 55.4%)  131.0 ex/s  elapsed=6.1m  eta=4.9m  last_score=0.395  last_latency=6.8ms
[score_gray_zone] 48000/86280 ( 55.6%)  131.0 ex/s  elapsed=6.1m  eta=4.9m  last_score=0.785  last_latency=7.5ms
[score_gray_zone] 48200/86280 ( 55.9%)  131.0 ex/s  elapsed=6.1m  eta=4.8m  last_score=0.958  last_latency=6.7ms
[score_gray_zone] 48400/86280 ( 56.1%)  131.1 ex/s  elapsed=6.2m  eta=4.8m  last_score=-0.725  last_latency=6.8ms
[score_gray_zone] 48600/86280 ( 56.3%)  131.1 ex/s  elapsed=6.2m  eta=4.8m  last_score=0.049  last_latency=6.8ms
[score_gray_zone] 48800/86280 ( 56.6%)  131.2 ex/s  elapsed=6.2m  eta=4.8m  last_score=0.161  last_latency=6.9ms
[score_gray_zone] 49000/86280 ( 56.8%)  131.2 ex/s  elapsed=6.2m  eta=4.7m  last_score=-0.147  last_latency=6.8ms
[score_gray_zone] 49200/86280 ( 57.0%)  131.3 ex/s  elapsed=6.2m  eta=4.7m  last_score=-0.378  last_latency=6.8ms
[score_gray_zone] 49400/86280 ( 57.3%)  131.3 ex/s  elapsed=6.3m  eta=4.7m  last_score=-0.653  last_latency=7.2ms
[score_gray_zone] 49600/86280 ( 57.5%)  131.4 ex/s  elapsed=6.3m  eta=4.7m  last_score=-0.535  last_latency=8.5ms
[score_gray_zone] 49800/86280 ( 57.7%)  131.4 ex/s  elapsed=6.3m  eta=4.6m  last_score=0.979  last_latency=6.9ms
[score_gray_zone] 50000/86280 ( 58.0%)  131.4 ex/s  elapsed=6.3m  eta=4.6m  last_score=0.799  last_latency=6.9ms
[score_gray_zone] 50200/86280 ( 58.2%)  131.5 ex/s  elapsed=6.4m  eta=4.6m  last_score=-1.371  last_latency=6.8ms
[score_gray_zone] 50400/86280 ( 58.4%)  131.5 ex/s  elapsed=6.4m  eta=4.5m  last_score=1.787  last_latency=7.3ms
[score_gray_zone] 50600/86280 ( 58.6%)  131.6 ex/s  elapsed=6.4m  eta=4.5m  last_score=0.375  last_latency=7.1ms
[score_gray_zone] 50800/86280 ( 58.9%)  131.6 ex/s  elapsed=6.4m  eta=4.5m  last_score=-2.684  last_latency=6.9ms
[score_gray_zone] 51000/86280 ( 59.1%)  131.7 ex/s  elapsed=6.5m  eta=4.5m  last_score=0.808  last_latency=6.8ms
[score_gray_zone] 51200/86280 ( 59.3%)  131.7 ex/s  elapsed=6.5m  eta=4.4m  last_score=0.494  last_latency=6.9ms
[score_gray_zone] 51400/86280 ( 59.6%)  131.8 ex/s  elapsed=6.5m  eta=4.4m  last_score=0.259  last_latency=7.0ms
[score_gray_zone] 51600/86280 ( 59.8%)  131.8 ex/s  elapsed=6.5m  eta=4.4m  last_score=-0.093  last_latency=7.0ms
[score_gray_zone] 51800/86280 ( 60.0%)  131.9 ex/s  elapsed=6.5m  eta=4.4m  last_score=0.301  last_latency=6.8ms
[score_gray_zone] 52000/86280 ( 60.3%)  131.9 ex/s  elapsed=6.6m  eta=4.3m  last_score=-1.219  last_latency=9.1ms
[score_gray_zone] 52200/86280 ( 60.5%)  131.9 ex/s  elapsed=6.6m  eta=4.3m  last_score=1.810  last_latency=7.0ms
[score_gray_zone] 52400/86280 ( 60.7%)  132.0 ex/s  elapsed=6.6m  eta=4.3m  last_score=0.923  last_latency=6.8ms
[score_gray_zone] 52600/86280 ( 61.0%)  132.0 ex/s  elapsed=6.6m  eta=4.3m  last_score=0.078  last_latency=6.8ms
[score_gray_zone] 52800/86280 ( 61.2%)  132.1 ex/s  elapsed=6.7m  eta=4.2m  last_score=-0.189  last_latency=6.9ms
[score_gray_zone] 53000/86280 ( 61.4%)  132.1 ex/s  elapsed=6.7m  eta=4.2m  last_score=-1.609  last_latency=6.8ms
[score_gray_zone] 53200/86280 ( 61.7%)  132.2 ex/s  elapsed=6.7m  eta=4.2m  last_score=-0.003  last_latency=7.0ms
[score_gray_zone] 53400/86280 ( 61.9%)  132.2 ex/s  elapsed=6.7m  eta=4.1m  last_score=1.515  last_latency=6.9ms
[score_gray_zone] 53600/86280 ( 62.1%)  132.2 ex/s  elapsed=6.8m  eta=4.1m  last_score=-0.076  last_latency=6.7ms
[score_gray_zone] 53800/86280 ( 62.4%)  132.3 ex/s  elapsed=6.8m  eta=4.1m  last_score=-0.730  last_latency=6.8ms
[score_gray_zone] 54000/86280 ( 62.6%)  132.3 ex/s  elapsed=6.8m  eta=4.1m  last_score=-0.771  last_latency=6.7ms
[score_gray_zone] 54200/86280 ( 62.8%)  132.4 ex/s  elapsed=6.8m  eta=4.0m  last_score=0.679  last_latency=6.7ms
[score_gray_zone] 54400/86280 ( 63.1%)  132.4 ex/s  elapsed=6.8m  eta=4.0m  last_score=1.043  last_latency=6.8ms
[score_gray_zone] 54600/86280 ( 63.3%)  132.5 ex/s  elapsed=6.9m  eta=4.0m  last_score=0.827  last_latency=6.7ms
[score_gray_zone] 54800/86280 ( 63.5%)  132.5 ex/s  elapsed=6.9m  eta=4.0m  last_score=1.601  last_latency=7.1ms
[score_gray_zone] 55000/86280 ( 63.7%)  132.5 ex/s  elapsed=6.9m  eta=3.9m  last_score=-0.525  last_latency=6.8ms
[score_gray_zone] 55200/86280 ( 64.0%)  132.6 ex/s  elapsed=6.9m  eta=3.9m  last_score=0.055  last_latency=6.9ms
[score_gray_zone] 55400/86280 ( 64.2%)  132.6 ex/s  elapsed=7.0m  eta=3.9m  last_score=-0.486  last_latency=7.0ms
[score_gray_zone] 55600/86280 ( 64.4%)  132.7 ex/s  elapsed=7.0m  eta=3.9m  last_score=0.981  last_latency=7.0ms
[score_gray_zone] 55800/86280 ( 64.7%)  132.7 ex/s  elapsed=7.0m  eta=3.8m  last_score=-1.284  last_latency=7.1ms
[score_gray_zone] 56000/86280 ( 64.9%)  132.7 ex/s  elapsed=7.0m  eta=3.8m  last_score=0.669  last_latency=6.8ms
[score_gray_zone] 56200/86280 ( 65.1%)  132.8 ex/s  elapsed=7.1m  eta=3.8m  last_score=0.877  last_latency=7.1ms
[score_gray_zone] 56400/86280 ( 65.4%)  132.8 ex/s  elapsed=7.1m  eta=3.7m  last_score=-0.162  last_latency=7.3ms
[score_gray_zone] 56600/86280 ( 65.6%)  132.9 ex/s  elapsed=7.1m  eta=3.7m  last_score=0.950  last_latency=7.1ms
[score_gray_zone] 56800/86280 ( 65.8%)  132.9 ex/s  elapsed=7.1m  eta=3.7m  last_score=-0.641  last_latency=7.2ms
[score_gray_zone] 57000/86280 ( 66.1%)  132.9 ex/s  elapsed=7.1m  eta=3.7m  last_score=-0.368  last_latency=6.8ms
[score_gray_zone] 57200/86280 ( 66.3%)  133.0 ex/s  elapsed=7.2m  eta=3.6m  last_score=0.201  last_latency=6.9ms
[score_gray_zone] 57400/86280 ( 66.5%)  133.0 ex/s  elapsed=7.2m  eta=3.6m  last_score=-1.327  last_latency=6.7ms
[score_gray_zone] 57600/86280 ( 66.8%)  133.1 ex/s  elapsed=7.2m  eta=3.6m  last_score=0.696  last_latency=7.0ms
[score_gray_zone] 57800/86280 ( 67.0%)  133.1 ex/s  elapsed=7.2m  eta=3.6m  last_score=-0.165  last_latency=7.0ms
[score_gray_zone] 58000/86280 ( 67.2%)  133.1 ex/s  elapsed=7.3m  eta=3.5m  last_score=0.592  last_latency=7.1ms
[score_gray_zone] 58200/86280 ( 67.5%)  133.2 ex/s  elapsed=7.3m  eta=3.5m  last_score=-0.150  last_latency=6.8ms
[score_gray_zone] 58400/86280 ( 67.7%)  133.2 ex/s  elapsed=7.3m  eta=3.5m  last_score=-0.173  last_latency=6.8ms
[score_gray_zone] 58600/86280 ( 67.9%)  133.2 ex/s  elapsed=7.3m  eta=3.5m  last_score=-0.450  last_latency=6.7ms
[score_gray_zone] 58800/86280 ( 68.2%)  133.3 ex/s  elapsed=7.4m  eta=3.4m  last_score=1.279  last_latency=6.8ms
[score_gray_zone] 59000/86280 ( 68.4%)  133.3 ex/s  elapsed=7.4m  eta=3.4m  last_score=0.667  last_latency=6.7ms
[score_gray_zone] 59200/86280 ( 68.6%)  133.3 ex/s  elapsed=7.4m  eta=3.4m  last_score=0.725  last_latency=6.9ms
[score_gray_zone] 59400/86280 ( 68.8%)  133.4 ex/s  elapsed=7.4m  eta=3.4m  last_score=0.182  last_latency=6.8ms
[score_gray_zone] 59600/86280 ( 69.1%)  133.4 ex/s  elapsed=7.4m  eta=3.3m  last_score=0.060  last_latency=6.8ms
[score_gray_zone] 59800/86280 ( 69.3%)  133.5 ex/s  elapsed=7.5m  eta=3.3m  last_score=-1.380  last_latency=6.8ms
[score_gray_zone] 60000/86280 ( 69.5%)  133.5 ex/s  elapsed=7.5m  eta=3.3m  last_score=1.079  last_latency=6.8ms
[score_gray_zone] 60200/86280 ( 69.8%)  133.5 ex/s  elapsed=7.5m  eta=3.3m  last_score=-0.213  last_latency=9.2ms
[score_gray_zone] 60400/86280 ( 70.0%)  133.6 ex/s  elapsed=7.5m  eta=3.2m  last_score=0.146  last_latency=6.9ms
[score_gray_zone] 60600/86280 ( 70.2%)  133.6 ex/s  elapsed=7.6m  eta=3.2m  last_score=-0.822  last_latency=6.8ms
[score_gray_zone] 60800/86280 ( 70.5%)  133.6 ex/s  elapsed=7.6m  eta=3.2m  last_score=-0.394  last_latency=6.7ms
[score_gray_zone] 61000/86280 ( 70.7%)  133.7 ex/s  elapsed=7.6m  eta=3.2m  last_score=0.781  last_latency=6.7ms
[score_gray_zone] 61200/86280 ( 70.9%)  133.7 ex/s  elapsed=7.6m  eta=3.1m  last_score=1.609  last_latency=6.8ms
[score_gray_zone] 61400/86280 ( 71.2%)  133.7 ex/s  elapsed=7.7m  eta=3.1m  last_score=-0.468  last_latency=6.9ms
[score_gray_zone] 61600/86280 ( 71.4%)  133.8 ex/s  elapsed=7.7m  eta=3.1m  last_score=-0.564  last_latency=6.7ms
[score_gray_zone] 61800/86280 ( 71.6%)  133.8 ex/s  elapsed=7.7m  eta=3.0m  last_score=1.128  last_latency=10.4ms
[score_gray_zone] 62000/86280 ( 71.9%)  133.8 ex/s  elapsed=7.7m  eta=3.0m  last_score=0.276  last_latency=6.8ms
[score_gray_zone] 62200/86280 ( 72.1%)  133.8 ex/s  elapsed=7.7m  eta=3.0m  last_score=-0.488  last_latency=6.7ms
[score_gray_zone] 62400/86280 ( 72.3%)  133.9 ex/s  elapsed=7.8m  eta=3.0m  last_score=-0.752  last_latency=6.7ms
[score_gray_zone] 62600/86280 ( 72.6%)  133.9 ex/s  elapsed=7.8m  eta=2.9m  last_score=-1.077  last_latency=6.9ms
[score_gray_zone] 62800/86280 ( 72.8%)  133.9 ex/s  elapsed=7.8m  eta=2.9m  last_score=-1.193  last_latency=7.0ms
[score_gray_zone] 63000/86280 ( 73.0%)  134.0 ex/s  elapsed=7.8m  eta=2.9m  last_score=-0.749  last_latency=7.1ms
[score_gray_zone] 63200/86280 ( 73.2%)  134.0 ex/s  elapsed=7.9m  eta=2.9m  last_score=0.546  last_latency=6.9ms
[score_gray_zone] 63400/86280 ( 73.5%)  134.0 ex/s  elapsed=7.9m  eta=2.8m  last_score=-2.752  last_latency=6.7ms
[score_gray_zone] 63600/86280 ( 73.7%)  134.1 ex/s  elapsed=7.9m  eta=2.8m  last_score=-0.105  last_latency=6.9ms
[score_gray_zone] 63800/86280 ( 73.9%)  134.1 ex/s  elapsed=7.9m  eta=2.8m  last_score=1.065  last_latency=6.8ms
[score_gray_zone] 64000/86280 ( 74.2%)  134.1 ex/s  elapsed=8.0m  eta=2.8m  last_score=-2.390  last_latency=6.8ms
[score_gray_zone] 64200/86280 ( 74.4%)  134.2 ex/s  elapsed=8.0m  eta=2.7m  last_score=0.325  last_latency=6.7ms
[score_gray_zone] 64400/86280 ( 74.6%)  134.2 ex/s  elapsed=8.0m  eta=2.7m  last_score=0.930  last_latency=6.8ms
[score_gray_zone] 64600/86280 ( 74.9%)  134.2 ex/s  elapsed=8.0m  eta=2.7m  last_score=0.562  last_latency=6.7ms
[score_gray_zone] 64800/86280 ( 75.1%)  134.2 ex/s  elapsed=8.0m  eta=2.7m  last_score=1.604  last_latency=6.7ms
[score_gray_zone] 65000/86280 ( 75.3%)  134.3 ex/s  elapsed=8.1m  eta=2.6m  last_score=-0.098  last_latency=7.1ms
[score_gray_zone] 65200/86280 ( 75.6%)  134.3 ex/s  elapsed=8.1m  eta=2.6m  last_score=1.319  last_latency=6.8ms
[score_gray_zone] 65400/86280 ( 75.8%)  134.3 ex/s  elapsed=8.1m  eta=2.6m  last_score=-1.261  last_latency=6.9ms
[score_gray_zone] 65600/86280 ( 76.0%)  134.4 ex/s  elapsed=8.1m  eta=2.6m  last_score=1.095  last_latency=6.8ms
[score_gray_zone] 65800/86280 ( 76.3%)  134.4 ex/s  elapsed=8.2m  eta=2.5m  last_score=0.551  last_latency=6.8ms
[score_gray_zone] 66000/86280 ( 76.5%)  134.4 ex/s  elapsed=8.2m  eta=2.5m  last_score=1.682  last_latency=6.7ms
[score_gray_zone] 66200/86280 ( 76.7%)  134.5 ex/s  elapsed=8.2m  eta=2.5m  last_score=0.624  last_latency=6.8ms
[score_gray_zone] 66400/86280 ( 77.0%)  134.5 ex/s  elapsed=8.2m  eta=2.5m  last_score=1.054  last_latency=7.0ms
[score_gray_zone] 66600/86280 ( 77.2%)  134.5 ex/s  elapsed=8.3m  eta=2.4m  last_score=0.858  last_latency=6.7ms
[score_gray_zone] 66800/86280 ( 77.4%)  134.5 ex/s  elapsed=8.3m  eta=2.4m  last_score=-0.247  last_latency=6.9ms
[score_gray_zone] 67000/86280 ( 77.7%)  134.6 ex/s  elapsed=8.3m  eta=2.4m  last_score=1.579  last_latency=6.7ms
[score_gray_zone] 67200/86280 ( 77.9%)  134.6 ex/s  elapsed=8.3m  eta=2.4m  last_score=0.166  last_latency=6.8ms
[score_gray_zone] 67400/86280 ( 78.1%)  134.6 ex/s  elapsed=8.3m  eta=2.3m  last_score=0.942  last_latency=7.0ms
[score_gray_zone] 67600/86280 ( 78.3%)  134.6 ex/s  elapsed=8.4m  eta=2.3m  last_score=-0.814  last_latency=6.8ms
[score_gray_zone] 67800/86280 ( 78.6%)  134.7 ex/s  elapsed=8.4m  eta=2.3m  last_score=-0.134  last_latency=6.8ms
[score_gray_zone] 68000/86280 ( 78.8%)  134.7 ex/s  elapsed=8.4m  eta=2.3m  last_score=1.190  last_latency=6.8ms
[score_gray_zone] 68200/86280 ( 79.0%)  134.7 ex/s  elapsed=8.4m  eta=2.2m  last_score=2.061  last_latency=6.8ms
[score_gray_zone] 68400/86280 ( 79.3%)  134.8 ex/s  elapsed=8.5m  eta=2.2m  last_score=-0.124  last_latency=7.0ms
[score_gray_zone] 68600/86280 ( 79.5%)  134.8 ex/s  elapsed=8.5m  eta=2.2m  last_score=0.882  last_latency=6.8ms
[score_gray_zone] 68800/86280 ( 79.7%)  134.8 ex/s  elapsed=8.5m  eta=2.2m  last_score=-0.433  last_latency=6.8ms
[score_gray_zone] 69000/86280 ( 80.0%)  134.8 ex/s  elapsed=8.5m  eta=2.1m  last_score=-0.269  last_latency=6.8ms
[score_gray_zone] 69200/86280 ( 80.2%)  134.9 ex/s  elapsed=8.6m  eta=2.1m  last_score=0.830  last_latency=6.7ms
[score_gray_zone] 69400/86280 ( 80.4%)  134.9 ex/s  elapsed=8.6m  eta=2.1m  last_score=-0.494  last_latency=6.9ms
[score_gray_zone] 69600/86280 ( 80.7%)  134.9 ex/s  elapsed=8.6m  eta=2.1m  last_score=0.679  last_latency=6.8ms
[score_gray_zone] 69800/86280 ( 80.9%)  134.9 ex/s  elapsed=8.6m  eta=2.0m  last_score=0.443  last_latency=6.6ms
[score_gray_zone] 70000/86280 ( 81.1%)  135.0 ex/s  elapsed=8.6m  eta=2.0m  last_score=-1.109  last_latency=7.1ms
[score_gray_zone] 70200/86280 ( 81.4%)  135.0 ex/s  elapsed=8.7m  eta=2.0m  last_score=0.590  last_latency=6.8ms
[score_gray_zone] 70400/86280 ( 81.6%)  135.0 ex/s  elapsed=8.7m  eta=2.0m  last_score=0.892  last_latency=10.3ms
[score_gray_zone] 70600/86280 ( 81.8%)  135.0 ex/s  elapsed=8.7m  eta=1.9m  last_score=1.302  last_latency=6.7ms
[score_gray_zone] 70800/86280 ( 82.1%)  135.1 ex/s  elapsed=8.7m  eta=1.9m  last_score=1.651  last_latency=6.9ms
[score_gray_zone] 71000/86280 ( 82.3%)  135.1 ex/s  elapsed=8.8m  eta=1.9m  last_score=0.366  last_latency=6.8ms
[score_gray_zone] 71200/86280 ( 82.5%)  135.1 ex/s  elapsed=8.8m  eta=1.9m  last_score=0.796  last_latency=7.0ms
[score_gray_zone] 71400/86280 ( 82.8%)  135.1 ex/s  elapsed=8.8m  eta=1.8m  last_score=1.011  last_latency=6.7ms
[score_gray_zone] 71600/86280 ( 83.0%)  135.2 ex/s  elapsed=8.8m  eta=1.8m  last_score=-0.160  last_latency=6.8ms
[score_gray_zone] 71800/86280 ( 83.2%)  135.2 ex/s  elapsed=8.9m  eta=1.8m  last_score=1.014  last_latency=6.7ms
[score_gray_zone] 72000/86280 ( 83.4%)  135.2 ex/s  elapsed=8.9m  eta=1.8m  last_score=0.324  last_latency=6.8ms
[score_gray_zone] 72200/86280 ( 83.7%)  135.2 ex/s  elapsed=8.9m  eta=1.7m  last_score=-0.663  last_latency=7.0ms
[score_gray_zone] 72400/86280 ( 83.9%)  135.3 ex/s  elapsed=8.9m  eta=1.7m  last_score=-2.373  last_latency=7.0ms
[score_gray_zone] 72600/86280 ( 84.1%)  135.3 ex/s  elapsed=8.9m  eta=1.7m  last_score=0.211  last_latency=7.0ms
[score_gray_zone] 72800/86280 ( 84.4%)  135.3 ex/s  elapsed=9.0m  eta=1.7m  last_score=0.363  last_latency=6.8ms
[score_gray_zone] 73000/86280 ( 84.6%)  135.3 ex/s  elapsed=9.0m  eta=1.6m  last_score=-0.024  last_latency=7.2ms
[score_gray_zone] 73200/86280 ( 84.8%)  135.4 ex/s  elapsed=9.0m  eta=1.6m  last_score=-0.783  last_latency=6.8ms
[score_gray_zone] 73400/86280 ( 85.1%)  135.4 ex/s  elapsed=9.0m  eta=1.6m  last_score=1.368  last_latency=7.0ms
[score_gray_zone] 73600/86280 ( 85.3%)  135.4 ex/s  elapsed=9.1m  eta=1.6m  last_score=0.952  last_latency=6.8ms
[score_gray_zone] 73800/86280 ( 85.5%)  135.4 ex/s  elapsed=9.1m  eta=1.5m  last_score=-0.657  last_latency=6.7ms
[score_gray_zone] 74000/86280 ( 85.8%)  135.5 ex/s  elapsed=9.1m  eta=1.5m  last_score=-0.760  last_latency=7.2ms
[score_gray_zone] 74200/86280 ( 86.0%)  135.5 ex/s  elapsed=9.1m  eta=1.5m  last_score=-0.245  last_latency=6.8ms
[score_gray_zone] 74400/86280 ( 86.2%)  135.5 ex/s  elapsed=9.2m  eta=1.5m  last_score=0.936  last_latency=6.8ms
[score_gray_zone] 74600/86280 ( 86.5%)  135.5 ex/s  elapsed=9.2m  eta=1.4m  last_score=-0.563  last_latency=6.7ms
[score_gray_zone] 74800/86280 ( 86.7%)  135.6 ex/s  elapsed=9.2m  eta=1.4m  last_score=-0.751  last_latency=7.0ms
[score_gray_zone] 75000/86280 ( 86.9%)  135.6 ex/s  elapsed=9.2m  eta=1.4m  last_score=1.563  last_latency=6.9ms
[score_gray_zone] 75200/86280 ( 87.2%)  135.6 ex/s  elapsed=9.2m  eta=1.4m  last_score=-0.803  last_latency=6.9ms
[score_gray_zone] 75400/86280 ( 87.4%)  135.6 ex/s  elapsed=9.3m  eta=1.3m  last_score=-0.894  last_latency=6.8ms
[score_gray_zone] 75600/86280 ( 87.6%)  135.6 ex/s  elapsed=9.3m  eta=1.3m  last_score=-0.180  last_latency=6.7ms
[score_gray_zone] 75800/86280 ( 87.9%)  135.7 ex/s  elapsed=9.3m  eta=1.3m  last_score=1.714  last_latency=6.8ms
[score_gray_zone] 76000/86280 ( 88.1%)  135.7 ex/s  elapsed=9.3m  eta=1.3m  last_score=-1.330  last_latency=6.8ms
[score_gray_zone] 76200/86280 ( 88.3%)  135.7 ex/s  elapsed=9.4m  eta=1.2m  last_score=-0.133  last_latency=6.8ms
[score_gray_zone] 76400/86280 ( 88.5%)  135.7 ex/s  elapsed=9.4m  eta=1.2m  last_score=-1.720  last_latency=6.7ms
[score_gray_zone] 76600/86280 ( 88.8%)  135.7 ex/s  elapsed=9.4m  eta=1.2m  last_score=1.129  last_latency=6.9ms
[score_gray_zone] 76800/86280 ( 89.0%)  135.8 ex/s  elapsed=9.4m  eta=1.2m  last_score=1.724  last_latency=6.9ms
[score_gray_zone] 77000/86280 ( 89.2%)  135.8 ex/s  elapsed=9.5m  eta=1.1m  last_score=1.756  last_latency=7.0ms
[score_gray_zone] 77200/86280 ( 89.5%)  135.8 ex/s  elapsed=9.5m  eta=1.1m  last_score=-0.499  last_latency=6.9ms
[score_gray_zone] 77400/86280 ( 89.7%)  135.8 ex/s  elapsed=9.5m  eta=1.1m  last_score=1.132  last_latency=7.0ms
[score_gray_zone] 77600/86280 ( 89.9%)  135.9 ex/s  elapsed=9.5m  eta=1.1m  last_score=-0.394  last_latency=7.0ms
[score_gray_zone] 77800/86280 ( 90.2%)  135.9 ex/s  elapsed=9.5m  eta=1.0m  last_score=-0.182  last_latency=7.1ms
[score_gray_zone] 78000/86280 ( 90.4%)  135.9 ex/s  elapsed=9.6m  eta=1.0m  last_score=1.464  last_latency=6.7ms
[score_gray_zone] 78200/86280 ( 90.6%)  135.9 ex/s  elapsed=9.6m  eta=1.0m  last_score=0.945  last_latency=6.7ms
[score_gray_zone] 78400/86280 ( 90.9%)  135.9 ex/s  elapsed=9.6m  eta=1.0m  last_score=-1.386  last_latency=6.8ms
[score_gray_zone] 78600/86280 ( 91.1%)  136.0 ex/s  elapsed=9.6m  eta=0.9m  last_score=1.201  last_latency=6.7ms
[score_gray_zone] 78800/86280 ( 91.3%)  136.0 ex/s  elapsed=9.7m  eta=0.9m  last_score=2.488  last_latency=6.8ms
[score_gray_zone] 79000/86280 ( 91.6%)  136.0 ex/s  elapsed=9.7m  eta=0.9m  last_score=0.395  last_latency=6.8ms
[score_gray_zone] 79200/86280 ( 91.8%)  136.0 ex/s  elapsed=9.7m  eta=0.9m  last_score=-0.527  last_latency=6.7ms
[score_gray_zone] 79400/86280 ( 92.0%)  136.0 ex/s  elapsed=9.7m  eta=0.8m  last_score=1.180  last_latency=6.7ms
[score_gray_zone] 79600/86280 ( 92.3%)  136.1 ex/s  elapsed=9.8m  eta=0.8m  last_score=-3.576  last_latency=6.8ms
[score_gray_zone] 79800/86280 ( 92.5%)  136.1 ex/s  elapsed=9.8m  eta=0.8m  last_score=-1.922  last_latency=6.9ms
[score_gray_zone] 80000/86280 ( 92.7%)  136.1 ex/s  elapsed=9.8m  eta=0.8m  last_score=-1.202  last_latency=6.8ms
[score_gray_zone] 80200/86280 ( 93.0%)  136.1 ex/s  elapsed=9.8m  eta=0.7m  last_score=2.803  last_latency=6.8ms
[score_gray_zone] 80400/86280 ( 93.2%)  136.1 ex/s  elapsed=9.8m  eta=0.7m  last_score=1.899  last_latency=6.8ms
[score_gray_zone] 80600/86280 ( 93.4%)  136.2 ex/s  elapsed=9.9m  eta=0.7m  last_score=0.881  last_latency=7.2ms
[score_gray_zone] 80800/86280 ( 93.6%)  136.2 ex/s  elapsed=9.9m  eta=0.7m  last_score=-0.214  last_latency=6.8ms
[score_gray_zone] 81000/86280 ( 93.9%)  136.2 ex/s  elapsed=9.9m  eta=0.6m  last_score=0.492  last_latency=6.9ms
[score_gray_zone] 81200/86280 ( 94.1%)  136.2 ex/s  elapsed=9.9m  eta=0.6m  last_score=0.407  last_latency=6.8ms
[score_gray_zone] 81400/86280 ( 94.3%)  136.2 ex/s  elapsed=10.0m  eta=0.6m  last_score=0.498  last_latency=7.0ms
[score_gray_zone] 81600/86280 ( 94.6%)  136.3 ex/s  elapsed=10.0m  eta=0.6m  last_score=-2.362  last_latency=6.8ms
[score_gray_zone] 81800/86280 ( 94.8%)  136.3 ex/s  elapsed=10.0m  eta=0.5m  last_score=-0.656  last_latency=6.7ms
[score_gray_zone] 82000/86280 ( 95.0%)  136.3 ex/s  elapsed=10.0m  eta=0.5m  last_score=1.028  last_latency=6.9ms
[score_gray_zone] 82200/86280 ( 95.3%)  136.3 ex/s  elapsed=10.1m  eta=0.5m  last_score=-3.231  last_latency=6.8ms
[score_gray_zone] 82400/86280 ( 95.5%)  136.3 ex/s  elapsed=10.1m  eta=0.5m  last_score=1.295  last_latency=7.1ms
[score_gray_zone] 82600/86280 ( 95.7%)  136.4 ex/s  elapsed=10.1m  eta=0.4m  last_score=0.519  last_latency=6.9ms
[score_gray_zone] 82800/86280 ( 96.0%)  136.4 ex/s  elapsed=10.1m  eta=0.4m  last_score=0.182  last_latency=7.1ms
[score_gray_zone] 83000/86280 ( 96.2%)  136.4 ex/s  elapsed=10.1m  eta=0.4m  last_score=0.083  last_latency=7.0ms
[score_gray_zone] 83200/86280 ( 96.4%)  136.4 ex/s  elapsed=10.2m  eta=0.4m  last_score=1.082  last_latency=6.9ms
[score_gray_zone] 83400/86280 ( 96.7%)  136.4 ex/s  elapsed=10.2m  eta=0.4m  last_score=-0.980  last_latency=7.0ms
[score_gray_zone] 83600/86280 ( 96.9%)  136.4 ex/s  elapsed=10.2m  eta=0.3m  last_score=0.653  last_latency=7.0ms
[score_gray_zone] 83800/86280 ( 97.1%)  136.5 ex/s  elapsed=10.2m  eta=0.3m  last_score=0.812  last_latency=6.9ms
[score_gray_zone] 84000/86280 ( 97.4%)  136.5 ex/s  elapsed=10.3m  eta=0.3m  last_score=-0.021  last_latency=6.9ms
[score_gray_zone] 84200/86280 ( 97.6%)  136.5 ex/s  elapsed=10.3m  eta=0.3m  last_score=1.160  last_latency=6.8ms
[score_gray_zone] 84400/86280 ( 97.8%)  136.5 ex/s  elapsed=10.3m  eta=0.2m  last_score=-0.965  last_latency=6.8ms
[score_gray_zone] 84600/86280 ( 98.1%)  136.5 ex/s  elapsed=10.3m  eta=0.2m  last_score=0.205  last_latency=6.8ms
[score_gray_zone] 84800/86280 ( 98.3%)  136.6 ex/s  elapsed=10.3m  eta=0.2m  last_score=-0.695  last_latency=7.0ms
[score_gray_zone] 85000/86280 ( 98.5%)  136.6 ex/s  elapsed=10.4m  eta=0.2m  last_score=-0.512  last_latency=6.7ms
[score_gray_zone] 85200/86280 ( 98.7%)  136.6 ex/s  elapsed=10.4m  eta=0.1m  last_score=1.203  last_latency=7.0ms
[score_gray_zone] 85400/86280 ( 99.0%)  136.6 ex/s  elapsed=10.4m  eta=0.1m  last_score=-0.621  last_latency=7.1ms
[score_gray_zone] 85600/86280 ( 99.2%)  136.6 ex/s  elapsed=10.4m  eta=0.1m  last_score=1.458  last_latency=7.0ms
[score_gray_zone] 85800/86280 ( 99.4%)  136.6 ex/s  elapsed=10.5m  eta=0.1m  last_score=-0.108  last_latency=6.9ms
[score_gray_zone] 86000/86280 ( 99.7%)  136.7 ex/s  elapsed=10.5m  eta=0.0m  last_score=-0.490  last_latency=6.9ms
[score_gray_zone] 86200/86280 ( 99.9%)  136.7 ex/s  elapsed=10.5m  eta=0.0m  last_score=0.707  last_latency=7.0ms
[score_gray_zone] 86280/86280 (100.0%)  136.7 ex/s  elapsed=10.5m  eta=0.0m  last_score=3.639  last_latency=6.8ms
[15:08:39] Cached to results/.cache/search_queries_corrected__precomputed__n150000__cross_encoder_finetuned_verifier_model_searchqueries_corrected__lo0.8__hi0.97.scored.json
[15:08:48] tau_low=0.8  calibrated_threshold=0.242  n_calib=43140  n_test=43140  hit_rate=0.5881  error_rate=0.1300
[15:08:58] tau_low=0.83  calibrated_threshold=0.286  n_calib=38581  n_test=38582  hit_rate=0.5484  error_rate=0.1177
[15:09:08] tau_low=0.86  calibrated_threshold=0.286  n_calib=32947  n_test=32948  hit_rate=0.5094  error_rate=0.1069
[15:09:19] tau_low=0.89  calibrated_threshold=0.467  n_calib=26188  n_test=26188  hit_rate=0.4451  error_rate=0.0863
[15:09:31] tau_low=0.92  calibrated_threshold=0.714  n_calib=18013  n_test=18013  hit_rate=0.3793  error_rate=0.0675
[15:09:44] tau_low=0.95  calibrated_threshold=0.847  n_calib=8167  n_test=8167  hit_rate=0.3230  error_rate=0.0545
[15:09:44] Wrote 6 rows to results/search_queries_corrected_groupE_honest_calibration.json
